---
source: tui/src/provider_flow_view.rs
assertion_line: 1108
expression: provider_view_focus_summary(&params)
---
title: Provider / acme
subtitle: Acme · https://acme.example/v1 · custom Default selection writes to profile `dev`. Definition edits stay global.
item: Default provider scope
  current: false
  disabled: false
  selected_description: Switch where /provider saves the default provider selection. Provider definitions stay global.
  shortcut: 
  description: Currently writing model_provider under [profiles.dev].
  disabled_reason: 
item: Set current provider
  current: true
  disabled: false
  selected_description: 
  shortcut: 
  description: Already the current provider for this scope.
  disabled_reason: 
item: Provider ID
  current: false
  disabled: false
  selected_description: Edit the provider ID. Renaming will migrate secure credentials and update saved default-provider references.
  shortcut: 
  description: Current: acme
  disabled_reason: 
item: Display name
  current: false
  disabled: false
  selected_description: Edit the human-readable provider name stored in config.toml.
  shortcut: 
  description: Current: Acme
  disabled_reason: 
item: Base URL
  current: false
  disabled: false
  selected_description: Edit the provider base URL stored in config.toml.
  shortcut: 
  description: Current: https://acme.example/v1
  disabled_reason: 
item: API key
  current: false
  disabled: false
  selected_description: Leave the field blank to keep the existing secure value. Type CLEAR to remove it.
  shortcut: 
  description: No secure API key is stored for this provider.
  disabled_reason: 
item: wire_api
  current: false
  disabled: false
  selected_description: Edit the wire_api value stored in config.toml.
  shortcut: 
  description: Current: responses
  disabled_reason: 
item: requires_openai_auth
  current: false
  disabled: false
  selected_description: Edit whether this provider requires OpenAI auth to be available.
  shortcut: 
  description: Current: false
  disabled_reason: 
item: auth_strategy
  current: false
  disabled: false
  selected_description: Edit the explicit auth_strategy stored in config.toml.
  shortcut: 
  description: Current: openai
  disabled_reason: 
item: oauth
  current: false
  disabled: false
  selected_description: Edit the oauth TOML object stored in config.toml.
  shortcut: 
  description: Current: <unset>
  disabled_reason: 
item: env_key
  current: false
  disabled: false
  selected_description: Edit the environment variable name used to load an API key.
  shortcut: 
  description: Current: <unset>
  disabled_reason: 
item: env_key_instructions
  current: false
  disabled: false
  selected_description: Edit the help text shown when the environment variable is missing.
  shortcut: 
  description: Current: <unset>
  disabled_reason: 
item: experimental_bearer_token
  current: false
  disabled: false
  selected_description: Edit the inline bearer token stored in config.toml. Leave blank to keep it, or type CLEAR to remove it.
  shortcut: 
  description: No bearer token is currently saved.
  disabled_reason: 
item: query_params
  current: false
  disabled: false
  selected_description: Edit the query_params TOML map.
  shortcut: 
  description: Current: <unset>
  disabled_reason: 
item: http_headers
  current: false
  disabled: false
  selected_description: Edit the http_headers TOML map.
  shortcut: 
  description: Current: { version = "0.2.0" }
  disabled_reason: 
item: env_http_headers
  current: false
  disabled: false
  selected_description: Edit the env_http_headers TOML map.
  shortcut: 
  description: Current: { OpenAI-Organization = "OPENAI_ORGANIZATION", OpenAI-Project = "OPENAI_PROJECT" }
  disabled_reason: 
item: request_max_retries
  current: false
  disabled: false
  selected_description: Edit the maximum number of request retries.
  shortcut: 
  description: Current: <unset>
  disabled_reason: 
item: stream_max_retries
  current: false
  disabled: false
  selected_description: Edit the maximum number of stream retries.
  shortcut: 
  description: Current: <unset>
  disabled_reason: 
item: stream_idle_timeout_ms
  current: false
  disabled: false
  selected_description: Edit the stream idle timeout in milliseconds.
  shortcut: 
  description: Current: <unset>
  disabled_reason: 
item: supports_websockets
  current: false
  disabled: false
  selected_description: Edit whether this provider can use the Responses API websocket transport.
  shortcut: 
  description: Current: true
  disabled_reason: 
item: Usage script
  current: false
  disabled: true
  selected_description: Usage scripts live under .codex/providers/<provider-id>/usage.js in the trusted project.
  shortcut: 
  description: Usage scripts can only be edited inside a trusted project.
  disabled_reason: Open /provider inside a trusted project to edit usage scripts.
item: Delete provider
  current: false
  disabled: true
  selected_description: 
  shortcut: 
  description: Remove this custom provider definition.
  disabled_reason: Switch away from the current provider before deleting it.
