---
source: tui_app_server/src/history_cell.rs
expression: rendered
---
• Plan Progress
  └ ◐ Define error taxonomy (codex-rs/
      core/src/error.rs) - separate
      retryable vs fatal paths
      inputs: transport failures
      outputs: error categories
      acceptance: categories map to UX
        copy
    ○ Implement mapping to user messages
      (codex-rs/tui/src/history_cell.rs)
      - show explicit remediation hints
      inputs: error categories
      outputs: user-facing copy
      depends_on: plan-01
      acceptance: copy is visible in
        history
