---
source: tui/src/chatwidget/tests.rs
expression: popup
---
  Feature flags
  Inspect and toggle feature flags. Changes are saved to config.toml.

› [ ] Ghost snapshots  Capture undo snapshots each turn.  [stable]
  [x] JavaScript REPL  Enable a persistent Node-backed JavaScript REPL.
                       [experimental]

  Press space to select or enter to save for next conversation
