---
source: tui/src/settings/view.rs
expression: summary
snapshot_kind: text
---
title: Settings / tools
subtitle: Browse and edit `tools` for the active profile `dev`.
Write scope: 1
Edit this section: 1
js_repl_node_module_dirs: 1
js_repl_node_path: 1
tools_view_image: 1
view_image: 1
web_search: 1
web_search_mode: 1
zsh_path: 1
